// Jest Snapshot v1, https://goo.gl/fbAQLP

exports[`ClientTable should render correctly 1`] = `
<DocumentFragment>
  <table
    style="background-color: yellowgreen;"
  >
    <thead>
      <tr>
        <th>
          ID
        </th>
        <th>
          First Name
        </th>
        <th>
          Last Name
        </th>
        <th>
          Incremented
        </th>
        <th>
          Decremented
        </th>
        <th>
          Actions
        </th>
      </tr>
    </thead>
    <tbody>
      <tr>
        <td>
          1
        </td>
        <td>
          Saki
        </td>
        <td>
          Last Name: Saki
        </td>
        <td
          data-testid="inc-cell"
        >
          0
        </td>
        <td
          data-testid="dec-cell"
        >
          0
        </td>
        <td>
          <button
            data-testid="inc-btn"
          >
            Increment
          </button>
          <button
            data-testid="dec-btn"
          >
            Decrement
          </button>
        </td>
      </tr>
      <tr>
        <td>
          2
        </td>
        <td>
          Saki
        </td>
        <td>
          Last Name: Saki
        </td>
        <td
          data-testid="inc-cell"
        >
          0
        </td>
        <td
          data-testid="dec-cell"
        >
          0
        </td>
        <td>
          <button
            data-testid="inc-btn"
          >
            Increment
          </button>
          <button
            data-testid="dec-btn"
          >
            Decrement
          </button>
        </td>
      </tr>
      <tr>
        <td>
          3
        </td>
        <td>
          Mouli
        </td>
        <td>
          Last Name: Mouli
        </td>
        <td
          data-testid="inc-cell"
        >
          0
        </td>
        <td
          data-testid="dec-cell"
        >
          0
        </td>
        <td>
          <button
            data-testid="inc-btn"
          >
            Increment
          </button>
          <button
            data-testid="dec-btn"
          >
            Decrement
          </button>
        </td>
      </tr>
      <tr>
        <td>
          4
        </td>
        <td>
          Mouli
        </td>
        <td>
          Last Name: Mouli
        </td>
        <td
          data-testid="inc-cell"
        >
          0
        </td>
        <td
          data-testid="dec-cell"
        >
          0
        </td>
        <td>
          <button
            data-testid="inc-btn"
          >
            Increment
          </button>
          <button
            data-testid="dec-btn"
          >
            Decrement
          </button>
        </td>
      </tr>
    </tbody>
  </table>
</DocumentFragment>
`;
